
> frontend@0.0.0 build
> vite build

[36mvite v7.3.0 [32mbuilding client environment for production...[36m[39m
transforming...
[32mΓ£ô[39m 547 modules transformed.
rendering chunks...
computing gzip size...
[2mdist/[22m[32mindex.html                 [39m[1m[2m  0.77 kB[22m[1m[22m[2m Γöé gzip:   0.47 kB[22m
[2mdist/[22m[35massets/index-Bl9FdFhr.css  [39m[1m[2m 27.92 kB[22m[1m[22m[2m Γöé gzip:   5.22 kB[22m
[2mdist/[22m[36massets/index-ByeC3sZT.js   [39m[1m[2m459.06 kB[22m[1m[22m[2m Γöé gzip: 148.31 kB[22m
[32mΓ£ô built in 22.21s[39m
